error: no library targets found in package `boxy`
